<students>
    <student>
        <name>Rick Grimes</name>
        <age>35</age>
        <subject>Maths</subject>
        <gender>Male</gender>
    </student>
    <student>
        <name test="123423423423423432" test2="243645654645363546354" test3="547567476756567467463"
              test4="54756747fdgdsfgsdfgsfdgsgffdsg6756567467463">Daryl Dixon
        </ name>
        <age>33</age>
        <subject>Science</subject>
        <gender>Male</gender>
    </student>
    <student>
        <name>Maggie</name>
        <age>36</age>
        <subject>Arts</subject>
        <gender>Female</gender>
    </student>
</students>